// Jest Snapshot v1, https://goo.gl/fbAQLP

exports[`Should render DashBoardPage correctly 1`] = `
<div>
  Dashboard content page
</div>
`;
